2026-09-30T07:25:22-04:00 START ck11-reader
2026-09-30T07:42:14-04:00 END ck11-reader rc=0 report=none
2026-09-30T07:42:14-04:00 START ck11-resolver
2026-09-30T07:49:09-04:00 COPIED ck11-reader
2026-09-30T08:05:19-04:00 END ck11-resolver rc=1 report=none
2026-09-30T08:05:19-04:00 START ck11-gate
2026-09-30T08:11:48-04:00 END ck11-gate rc=0 report=none
2026-09-30T08:11:48-04:00 START ck11-rekey
2026-09-30T08:12:18-04:00 COPIED ck11-gate
2026-09-30T08:21:02-04:00 END ck11-rekey rc=0 report=none
2026-09-30T08:21:02-04:00 START ck11-operator
2026-09-30T08:21:03-04:00 COPIED ck11-rekey
2026-09-30T08:27:54-04:00 END ck11-operator rc=0 report=none
2026-09-30T08:27:54-04:00 START ck11-preinsert
2026-09-30T08:28:13-04:00 COPIED ck11-operator
2026-09-30T08:40:58-04:00 END ck11-preinsert rc=0 report=none
2026-09-30T08:40:58-04:00 START t975-asset
2026-09-30T08:41:02-04:00 COPIED ck11-preinsert
2026-09-30T08:56:40-04:00 END t975-asset rc=0 report=none
2026-09-30T08:56:40-04:00 START t974-guards
2026-09-30T08:57:03-04:00 COPIED t975-asset
2026-09-30T09:10:53-04:00 END t974-guards rc=0 report=none
2026-09-30T09:10:53-04:00 START t519-gate
2026-09-30T09:10:54-04:00 COPIED t974-guards
2026-09-30T10:15:03-04:00 END t519-gate rc=0 report=none
2026-09-30T10:15:03-04:00 DONE all
2026-09-30T10:15:05-04:00 START ck11-resolver-retry
2026-09-30T10:15:05-04:00 COPIED t519-gate
2026-09-30T10:22:35-04:00 END ck11-resolver-retry rc=0
2026-09-30T10:22:44-04:00 START ck11-rekey-final
2026-09-30T10:29:46-04:00 END ck11-rekey-final rc=0
2026-09-30T10:33:23-04:00 START ck11-rekey-final
2026-09-30T10:42:51-04:00 END ck11-rekey-final rc=0
