<?xml version="1.0" encoding="utf-8"?>
<TestRun id="d08dbca1-45b9-4215-88f9-32a55041572f" name="Chris@DESKTOP-UMT08RN 2026-09-30 07:51:53" runUser="DESKTOP-UMT08RN\Chris" xmlns="http://microsoft.com/schemas/VisualStudio/TeamTest/2010">
  <Times creation="2026-09-30T07:51:53.6161267-04:00" queuing="2026-09-30T07:51:53.6161270-04:00" start="2026-09-30T07:51:50.8241261-04:00" finish="2026-09-30T07:51:53.7038361-04:00" />
  <TestSettings name="default" id="34980fd1-02b7-4f7a-96cc-7cdcbb5327b2">
    <Deployment runDeploymentRoot="Chris_DESKTOP-UMT08RN_2026-09-30_07_51_53" />
  </TestSettings>
  <Results>
    <UnitTestResult executionId="c8c850e3-35f7-4611-b9cf-156533fab8d4" testId="c1a31888-1c51-e644-202b-009bcc17c928" testName="Harborline.Api.LocalNodeHost.Tests.Identity.DesktopActorRosterIdentityTests.The_desktop_actor_reads_the_live_roster_edge_bound_to_this_nodes_key" computerName="DESKTOP-UMT08RN" duration="00:00:00.0017216" startTime="2026-09-30T07:51:53.4592285-04:00" endTime="2026-09-30T07:51:53.4592961-04:00" testType="13cdc9d9-ddb5-4fa4-a97d-d965ccfc6d4b" outcome="Failed" testListId="8c84fa94-04c1-424b-9868-57a2d4851a1d" relativeResultsDirectory="c8c850e3-35f7-4611-b9cf-156533fab8d4">
      <Output>
        <ErrorInfo>
          <Message>System.InvalidOperationException : Nullable object must have a value.</Message>
          <StackTrace>   at System.Nullable`1.get_Value()&#xD;
   at Harborline.Api.LocalNodeHost.Tests.Identity.DesktopActorRosterIdentityTests.DesktopActor(MemberRoster roster, IOperationSigner node) in C:\Projects\Harborline\harborline-api\.codex\worktrees\r4-t984api-manual\apps\local-node-host\tests\Identity\DesktopActorRosterIdentityTests.cs:line 31&#xD;
   at Harborline.Api.LocalNodeHost.Tests.Identity.DesktopActorRosterIdentityTests.The_desktop_actor_reads_the_live_roster_edge_bound_to_this_nodes_key() in C:\Projects\Harborline\harborline-api\.codex\worktrees\r4-t984api-manual\apps\local-node-host\tests\Identity\DesktopActorRosterIdentityTests.cs:line 70&#xD;
--- End of stack trace from previous location ---</StackTrace>
        </ErrorInfo>
      </Output>
    </UnitTestResult>
    <UnitTestResult executionId="cefb5c68-20e6-4584-a6d1-55a6142dc049" testId="050b623c-70dc-99d1-c50c-f1a0f38609eb" testName="Harborline.Api.LocalNodeHost.Tests.Identity.DesktopActorRosterIdentityTests.An_ejected_node_party_is_refused_when_the_desktop_actor_asks_the_production_gate(presentDesktopActor: False)" computerName="DESKTOP-UMT08RN" duration="00:00:00.1381678" startTime="2026-09-30T07:51:53.2996543-04:00" endTime="2026-09-30T07:51:53.4379478-04:00" testType="13cdc9d9-ddb5-4fa4-a97d-d965ccfc6d4b" outcome="Passed" testListId="8c84fa94-04c1-424b-9868-57a2d4851a1d" relativeResultsDirectory="cefb5c68-20e6-4584-a6d1-55a6142dc049" />
    <UnitTestResult executionId="1c9b2bf9-eb8a-41c6-927f-e42ee8447e07" testId="0a45d06c-80b2-ead5-b94b-ec2dfdaea44b" testName="Harborline.Api.LocalNodeHost.Tests.Identity.DesktopActorRosterIdentityTests.An_ejected_node_party_is_refused_when_the_desktop_actor_asks_the_production_gate(presentDesktopActor: True)" computerName="DESKTOP-UMT08RN" duration="00:00:00.0026682" startTime="2026-09-30T07:51:53.4514122-04:00" endTime="2026-09-30T07:51:53.4522580-04:00" testType="13cdc9d9-ddb5-4fa4-a97d-d965ccfc6d4b" outcome="Failed" testListId="8c84fa94-04c1-424b-9868-57a2d4851a1d" relativeResultsDirectory="1c9b2bf9-eb8a-41c6-927f-e42ee8447e07">
      <Output>
        <ErrorInfo>
          <Message>System.InvalidOperationException : Nullable object must have a value.</Message>
          <StackTrace>   at System.Nullable`1.get_Value()&#xD;
   at Harborline.Api.LocalNodeHost.Tests.Identity.DesktopActorRosterIdentityTests.DesktopActor(MemberRoster roster, IOperationSigner node) in C:\Projects\Harborline\harborline-api\.codex\worktrees\r4-t984api-manual\apps\local-node-host\tests\Identity\DesktopActorRosterIdentityTests.cs:line 31&#xD;
   at Harborline.Api.LocalNodeHost.Tests.Identity.DesktopActorRosterIdentityTests.An_ejected_node_party_is_refused_when_the_desktop_actor_asks_the_production_gate(Boolean presentDesktopActor) in C:\Projects\Harborline\harborline-api\.codex\worktrees\r4-t984api-manual\apps\local-node-host\tests\Identity\DesktopActorRosterIdentityTests.cs:line 50&#xD;
--- End of stack trace from previous location ---</StackTrace>
        </ErrorInfo>
      </Output>
    </UnitTestResult>
  </Results>
  <TestDefinitions>
    <UnitTest name="Harborline.Api.LocalNodeHost.Tests.Identity.DesktopActorRosterIdentityTests.The_desktop_actor_reads_the_live_roster_edge_bound_to_this_nodes_key" storage="c:\projects\harborline\harborline-api\.codex\worktrees\r4-t984api-manual\apps\local-node-host\tests\bin\debug\net11.0\harborline.api.localnodehost.tests.dll" id="c1a31888-1c51-e644-202b-009bcc17c928">
      <Execution id="c8c850e3-35f7-4611-b9cf-156533fab8d4" />
      <TestMethod codeBase="C:\Projects\Harborline\harborline-api\.codex\worktrees\r4-t984api-manual\apps\local-node-host\tests\bin\Debug\net11.0\Harborline.Api.LocalNodeHost.Tests.dll" adapterTypeName="executor://xunit/VsTestRunner3/netcore/" className="Harborline.Api.LocalNodeHost.Tests.Identity.DesktopActorRosterIdentityTests" name="The_desktop_actor_reads_the_live_roster_edge_bound_to_this_nodes_key" />
    </UnitTest>
    <UnitTest name="Harborline.Api.LocalNodeHost.Tests.Identity.DesktopActorRosterIdentityTests.An_ejected_node_party_is_refused_when_the_desktop_actor_asks_the_production_gate(presentDesktopActor: True)" storage="c:\projects\harborline\harborline-api\.codex\worktrees\r4-t984api-manual\apps\local-node-host\tests\bin\debug\net11.0\harborline.api.localnodehost.tests.dll" id="0a45d06c-80b2-ead5-b94b-ec2dfdaea44b">
      <Execution id="1c9b2bf9-eb8a-41c6-927f-e42ee8447e07" />
      <TestMethod codeBase="C:\Projects\Harborline\harborline-api\.codex\worktrees\r4-t984api-manual\apps\local-node-host\tests\bin\Debug\net11.0\Harborline.Api.LocalNodeHost.Tests.dll" adapterTypeName="executor://xunit/VsTestRunner3/netcore/" className="Harborline.Api.LocalNodeHost.Tests.Identity.DesktopActorRosterIdentityTests" name="An_ejected_node_party_is_refused_when_the_desktop_actor_asks_the_production_gate" />
    </UnitTest>
    <UnitTest name="Harborline.Api.LocalNodeHost.Tests.Identity.DesktopActorRosterIdentityTests.An_ejected_node_party_is_refused_when_the_desktop_actor_asks_the_production_gate(presentDesktopActor: False)" storage="c:\projects\harborline\harborline-api\.codex\worktrees\r4-t984api-manual\apps\local-node-host\tests\bin\debug\net11.0\harborline.api.localnodehost.tests.dll" id="050b623c-70dc-99d1-c50c-f1a0f38609eb">
      <Execution id="cefb5c68-20e6-4584-a6d1-55a6142dc049" />
      <TestMethod codeBase="C:\Projects\Harborline\harborline-api\.codex\worktrees\r4-t984api-manual\apps\local-node-host\tests\bin\Debug\net11.0\Harborline.Api.LocalNodeHost.Tests.dll" adapterTypeName="executor://xunit/VsTestRunner3/netcore/" className="Harborline.Api.LocalNodeHost.Tests.Identity.DesktopActorRosterIdentityTests" name="An_ejected_node_party_is_refused_when_the_desktop_actor_asks_the_production_gate" />
    </UnitTest>
  </TestDefinitions>
  <TestEntries>
    <TestEntry testId="c1a31888-1c51-e644-202b-009bcc17c928" executionId="c8c850e3-35f7-4611-b9cf-156533fab8d4" testListId="8c84fa94-04c1-424b-9868-57a2d4851a1d" />
    <TestEntry testId="050b623c-70dc-99d1-c50c-f1a0f38609eb" executionId="cefb5c68-20e6-4584-a6d1-55a6142dc049" testListId="8c84fa94-04c1-424b-9868-57a2d4851a1d" />
    <TestEntry testId="0a45d06c-80b2-ead5-b94b-ec2dfdaea44b" executionId="1c9b2bf9-eb8a-41c6-927f-e42ee8447e07" testListId="8c84fa94-04c1-424b-9868-57a2d4851a1d" />
  </TestEntries>
  <TestLists>
    <TestList name="Results Not in a List" id="8c84fa94-04c1-424b-9868-57a2d4851a1d" />
    <TestList name="All Loaded Results" id="19431567-8539-422a-85d7-44ee4e166bda" />
  </TestLists>
  <ResultSummary outcome="Failed">
    <Counters total="3" executed="3" passed="1" failed="2" error="0" timeout="0" aborted="0" inconclusive="0" passedButRunAborted="0" notRunnable="0" notExecuted="0" disconnected="0" warning="0" completed="0" inProgress="0" pending="0" />
    <Output>
      <StdOut>[xUnit.net 00:00:00.00] xUnit.net VSTest Adapter v4.0.0+05679a7ab5 (64-bit .NET 11.0.0-rc.1.26425.128)&#xD;
[xUnit.net 00:00:00.80]   Discovering: Harborline.Api.LocalNodeHost.Tests&#xD;
[xUnit.net 00:00:01.68]   Discovered:  Harborline.Api.LocalNodeHost.Tests&#xD;
[xUnit.net 00:00:01.75]   Starting:    Harborline.Api.LocalNodeHost.Tests&#xD;
[xUnit.net 00:00:01.94]       System.InvalidOperationException : Nullable object must have a value.&#xD;
[xUnit.net 00:00:01.94]       Stack Trace:&#xD;
[xUnit.net 00:00:01.94]            at System.Nullable`1.get_Value()&#xD;
[xUnit.net 00:00:01.94]         C:\Projects\Harborline\harborline-api\.codex\worktrees\r4-t984api-manual\apps\local-node-host\tests\Identity\DesktopActorRosterIdentityTests.cs(31,0): at Harborline.Api.LocalNodeHost.Tests.Identity.DesktopActorRosterIdentityTests.DesktopActor(MemberRoster roster, IOperationSigner node)&#xD;
[xUnit.net 00:00:01.94]         C:\Projects\Harborline\harborline-api\.codex\worktrees\r4-t984api-manual\apps\local-node-host\tests\Identity\DesktopActorRosterIdentityTests.cs(50,0): at Harborline.Api.LocalNodeHost.Tests.Identity.DesktopActorRosterIdentityTests.An_ejected_node_party_is_refused_when_the_desktop_actor_asks_the_production_gate(Boolean presentDesktopActor)&#xD;
[xUnit.net 00:00:01.94]         --- End of stack trace from previous location ---&#xD;
[xUnit.net 00:00:01.94]       System.InvalidOperationException : Nullable object must have a value.&#xD;
[xUnit.net 00:00:01.94]       Stack Trace:&#xD;
[xUnit.net 00:00:01.94]            at System.Nullable`1.get_Value()&#xD;
[xUnit.net 00:00:01.94]         C:\Projects\Harborline\harborline-api\.codex\worktrees\r4-t984api-manual\apps\local-node-host\tests\Identity\DesktopActorRosterIdentityTests.cs(31,0): at Harborline.Api.LocalNodeHost.Tests.Identity.DesktopActorRosterIdentityTests.DesktopActor(MemberRoster roster, IOperationSigner node)&#xD;
[xUnit.net 00:00:01.94]         C:\Projects\Harborline\harborline-api\.codex\worktrees\r4-t984api-manual\apps\local-node-host\tests\Identity\DesktopActorRosterIdentityTests.cs(70,0): at Harborline.Api.LocalNodeHost.Tests.Identity.DesktopActorRosterIdentityTests.The_desktop_actor_reads_the_live_roster_edge_bound_to_this_nodes_key()&#xD;
[xUnit.net 00:00:01.94]         --- End of stack trace from previous location ---&#xD;
[xUnit.net 00:00:01.95]   Finished:    Harborline.Api.LocalNodeHost.Tests&#xD;
</StdOut>
    </Output>
    <RunInfos>
      <RunInfo computerName="DESKTOP-UMT08RN" outcome="Error" timestamp="2026-09-30T07:51:53.4558422-04:00">
        <Text>[xUnit.net 00:00:01.94]     Harborline.Api.LocalNodeHost.Tests.Identity.DesktopActorRosterIdentityTests.An_ejected_node_party_is_refused_when_the_desktop_actor_asks_the_production_gate(presentDesktopActor: True) [FAIL]</Text>
      </RunInfo>
      <RunInfo computerName="DESKTOP-UMT08RN" outcome="Error" timestamp="2026-09-30T07:51:53.4620346-04:00">
        <Text>[xUnit.net 00:00:01.94]     Harborline.Api.LocalNodeHost.Tests.Identity.DesktopActorRosterIdentityTests.The_desktop_actor_reads_the_live_roster_edge_bound_to_this_nodes_key [FAIL]</Text>
      </RunInfo>
    </RunInfos>
  </ResultSummary>
</TestRun>