<?xml version="1.0" encoding="utf-8"?>
<TestRun id="63ff363e-bf7e-403c-b3ac-84b7769897fe" name="Chris@DESKTOP-UMT08RN 2026-09-30 07:40:17" runUser="DESKTOP-UMT08RN\Chris" xmlns="http://microsoft.com/schemas/VisualStudio/TeamTest/2010">
  <Times creation="2026-09-30T07:40:17.7056116-04:00" queuing="2026-09-30T07:40:17.7056117-04:00" start="2026-09-30T07:40:14.1906742-04:00" finish="2026-09-30T07:40:17.7112385-04:00" />
  <TestSettings name="default" id="ddd5fecb-4a0f-4c87-9600-cabd9e1b4e4f">
    <Deployment runDeploymentRoot="Chris_DESKTOP-UMT08RN_2026-09-30_07_40_17" />
  </TestSettings>
  <Results>
    <UnitTestResult executionId="1bd94eac-1502-4464-a831-7397135404e2" testId="fd64c781-d529-968d-6479-574f7df85859" testName="Harborline.Api.LocalNodeHost.Tests.AssetRegistry.PackBoundSelectedPrincipalTests.Type_writes_decide_in_the_selected_tenant_when_the_active_team_differs" computerName="DESKTOP-UMT08RN" duration="00:00:00.7333064" startTime="2026-09-30T07:40:16.2257404-04:00" endTime="2026-09-30T07:40:16.9789241-04:00" testType="13cdc9d9-ddb5-4fa4-a97d-d965ccfc6d4b" outcome="Failed" testListId="8c84fa94-04c1-424b-9868-57a2d4851a1d" relativeResultsDirectory="1bd94eac-1502-4464-a831-7397135404e2">
      <Output>
        <ErrorInfo>
          <Message>Assert.Equal() Failure: Values differ&#xD;
Expected: Created&#xD;
Actual:   Forbidden</Message>
          <StackTrace>   at Harborline.Api.LocalNodeHost.Tests.AssetRegistry.PackBoundSelectedPrincipalTests.Type_writes_decide_in_the_selected_tenant_when_the_active_team_differs() in C:\Projects\Harborline\harborline-api\.codex\worktrees\r4-t984api-manual\apps\local-node-host\tests\AssetRegistry\PackBoundSelectedPrincipalTests.cs:line 133&#xD;
   at Harborline.Api.LocalNodeHost.Tests.AssetRegistry.PackBoundSelectedPrincipalTests.Type_writes_decide_in_the_selected_tenant_when_the_active_team_differs() in C:\Projects\Harborline\harborline-api\.codex\worktrees\r4-t984api-manual\apps\local-node-host\tests\AssetRegistry\PackBoundSelectedPrincipalTests.cs:line 145&#xD;
--- End of stack trace from previous location ---</StackTrace>
        </ErrorInfo>
      </Output>
    </UnitTestResult>
    <UnitTestResult executionId="733aa04b-c15b-479b-bd55-452304b4bdee" testId="78bc9a27-945f-ab60-ae7d-89c8350111f7" testName="Harborline.Api.LocalNodeHost.Tests.AssetRegistry.PackBoundSelectedPrincipalTests.Allowed_write_still_refuses_an_unavailable_bound_form(formState: &quot;missing&quot;)" computerName="DESKTOP-UMT08RN" duration="00:00:00.1667593" startTime="2026-09-30T07:40:16.9939598-04:00" endTime="2026-09-30T07:40:17.1490557-04:00" testType="13cdc9d9-ddb5-4fa4-a97d-d965ccfc6d4b" outcome="Passed" testListId="8c84fa94-04c1-424b-9868-57a2d4851a1d" relativeResultsDirectory="733aa04b-c15b-479b-bd55-452304b4bdee" />
    <UnitTestResult executionId="cf528488-a696-4502-9f8f-4c98b4a73bf0" testId="a8f1b496-d77a-09b4-8a69-e943df218304" testName="Harborline.Api.LocalNodeHost.Tests.AssetRegistry.PackBoundSelectedPrincipalTests.Canonical_principal_grant_authorizes_while_party_remains_record_author(differentActiveTenant: True)" computerName="DESKTOP-UMT08RN" duration="00:00:00.1082647" startTime="2026-09-30T07:40:17.3467347-04:00" endTime="2026-09-30T07:40:17.4551611-04:00" testType="13cdc9d9-ddb5-4fa4-a97d-d965ccfc6d4b" outcome="Passed" testListId="8c84fa94-04c1-424b-9868-57a2d4851a1d" relativeResultsDirectory="cf528488-a696-4502-9f8f-4c98b4a73bf0" />
    <UnitTestResult executionId="711dab4f-a92b-4224-956d-07a25193a7d2" testId="d9f867c5-11a4-713b-7b9c-65d60d981522" testName="Harborline.Api.LocalNodeHost.Tests.AssetRegistry.PackBoundSelectedPrincipalTests.Denied_write_does_not_resolve_or_disclose_an_unavailable_bound_form(formState: &quot;missing&quot;)" computerName="DESKTOP-UMT08RN" duration="00:00:00.0816259" startTime="2026-09-30T07:40:17.2063893-04:00" endTime="2026-09-30T07:40:17.2886243-04:00" testType="13cdc9d9-ddb5-4fa4-a97d-d965ccfc6d4b" outcome="Passed" testListId="8c84fa94-04c1-424b-9868-57a2d4851a1d" relativeResultsDirectory="711dab4f-a92b-4224-956d-07a25193a7d2" />
    <UnitTestResult executionId="447eb726-d251-4d11-aaae-2b7d650581a3" testId="52099964-77ac-6403-ef12-26bba699e665" testName="Harborline.Api.LocalNodeHost.Tests.AssetRegistry.PackBoundSelectedPrincipalTests.Denied_write_does_not_resolve_or_disclose_an_unavailable_bound_form(formState: &quot;draft&quot;)" computerName="DESKTOP-UMT08RN" duration="00:00:00.0575023" startTime="2026-09-30T07:40:17.2888216-04:00" endTime="2026-09-30T07:40:17.3465344-04:00" testType="13cdc9d9-ddb5-4fa4-a97d-d965ccfc6d4b" outcome="Passed" testListId="8c84fa94-04c1-424b-9868-57a2d4851a1d" relativeResultsDirectory="447eb726-d251-4d11-aaae-2b7d650581a3" />
    <UnitTestResult executionId="d8631fb5-52d3-48ac-9462-319bb3eec96c" testId="6ef04459-59c8-c878-3bd6-8dcba95f1f1d" testName="Harborline.Api.LocalNodeHost.Tests.AssetRegistry.PackBoundSelectedPrincipalTests.Edge_write_decides_in_the_selected_tenant_when_the_active_team_differs" computerName="DESKTOP-UMT08RN" duration="00:00:00.0558960" startTime="2026-09-30T07:40:17.5496731-04:00" endTime="2026-09-30T07:40:17.6057957-04:00" testType="13cdc9d9-ddb5-4fa4-a97d-d965ccfc6d4b" outcome="Passed" testListId="8c84fa94-04c1-424b-9868-57a2d4851a1d" relativeResultsDirectory="d8631fb5-52d3-48ac-9462-319bb3eec96c" />
    <UnitTestResult executionId="cfcc457d-443d-4985-9e62-c452cbcac7cc" testId="12713236-7518-0d19-06c2-0ebc62be7d1e" testName="Harborline.Api.LocalNodeHost.Tests.AssetRegistry.PackBoundSelectedPrincipalTests.A_grant_to_the_attribution_party_cannot_authorize_the_selected_principal" computerName="DESKTOP-UMT08RN" duration="00:00:00.0464768" startTime="2026-09-30T07:40:17.5026857-04:00" endTime="2026-09-30T07:40:17.5494511-04:00" testType="13cdc9d9-ddb5-4fa4-a97d-d965ccfc6d4b" outcome="Passed" testListId="8c84fa94-04c1-424b-9868-57a2d4851a1d" relativeResultsDirectory="cfcc457d-443d-4985-9e62-c452cbcac7cc" />
    <UnitTestResult executionId="978c34c5-0b0a-47c1-86b2-6e8e01d9068e" testId="8ccb7b2d-60bd-cedb-05a0-2d6f0ff1e023" testName="Harborline.Api.LocalNodeHost.Tests.AssetRegistry.PackBoundSelectedPrincipalTests.Canonical_principal_grant_authorizes_while_party_remains_record_author(differentActiveTenant: False)" computerName="DESKTOP-UMT08RN" duration="00:00:00.0469810" startTime="2026-09-30T07:40:17.4553460-04:00" endTime="2026-09-30T07:40:17.5024694-04:00" testType="13cdc9d9-ddb5-4fa4-a97d-d965ccfc6d4b" outcome="Passed" testListId="8c84fa94-04c1-424b-9868-57a2d4851a1d" relativeResultsDirectory="978c34c5-0b0a-47c1-86b2-6e8e01d9068e" />
    <UnitTestResult executionId="d0a3827a-05fd-4205-ae06-525a90dff418" testId="ca3ab777-89e0-0536-c7c8-ab8bf136e408" testName="Harborline.Api.LocalNodeHost.Tests.AssetRegistry.PackBoundSelectedPrincipalTests.Allowed_write_still_refuses_an_unavailable_bound_form(formState: &quot;draft&quot;)" computerName="DESKTOP-UMT08RN" duration="00:00:00.0564377" startTime="2026-09-30T07:40:17.1508640-04:00" endTime="2026-09-30T07:40:17.2060233-04:00" testType="13cdc9d9-ddb5-4fa4-a97d-d965ccfc6d4b" outcome="Passed" testListId="8c84fa94-04c1-424b-9868-57a2d4851a1d" relativeResultsDirectory="d0a3827a-05fd-4205-ae06-525a90dff418" />
  </Results>
  <TestDefinitions>
    <UnitTest name="Harborline.Api.LocalNodeHost.Tests.AssetRegistry.PackBoundSelectedPrincipalTests.Canonical_principal_grant_authorizes_while_party_remains_record_author(differentActiveTenant: True)" storage="c:\projects\harborline\harborline-api\.codex\worktrees\r4-t984api-manual\apps\local-node-host\tests\bin\debug\net11.0\harborline.api.localnodehost.tests.dll" id="a8f1b496-d77a-09b4-8a69-e943df218304">
      <Execution id="cf528488-a696-4502-9f8f-4c98b4a73bf0" />
      <TestMethod codeBase="C:\Projects\Harborline\harborline-api\.codex\worktrees\r4-t984api-manual\apps\local-node-host\tests\bin\Debug\net11.0\Harborline.Api.LocalNodeHost.Tests.dll" adapterTypeName="executor://xunit/VsTestRunner3/netcore/" className="Harborline.Api.LocalNodeHost.Tests.AssetRegistry.PackBoundSelectedPrincipalTests" name="Canonical_principal_grant_authorizes_while_party_remains_record_author" />
    </UnitTest>
    <UnitTest name="Harborline.Api.LocalNodeHost.Tests.AssetRegistry.PackBoundSelectedPrincipalTests.Denied_write_does_not_resolve_or_disclose_an_unavailable_bound_form(formState: &quot;draft&quot;)" storage="c:\projects\harborline\harborline-api\.codex\worktrees\r4-t984api-manual\apps\local-node-host\tests\bin\debug\net11.0\harborline.api.localnodehost.tests.dll" id="52099964-77ac-6403-ef12-26bba699e665">
      <Execution id="447eb726-d251-4d11-aaae-2b7d650581a3" />
      <TestMethod codeBase="C:\Projects\Harborline\harborline-api\.codex\worktrees\r4-t984api-manual\apps\local-node-host\tests\bin\Debug\net11.0\Harborline.Api.LocalNodeHost.Tests.dll" adapterTypeName="executor://xunit/VsTestRunner3/netcore/" className="Harborline.Api.LocalNodeHost.Tests.AssetRegistry.PackBoundSelectedPrincipalTests" name="Denied_write_does_not_resolve_or_disclose_an_unavailable_bound_form" />
    </UnitTest>
    <UnitTest name="Harborline.Api.LocalNodeHost.Tests.AssetRegistry.PackBoundSelectedPrincipalTests.Allowed_write_still_refuses_an_unavailable_bound_form(formState: &quot;missing&quot;)" storage="c:\projects\harborline\harborline-api\.codex\worktrees\r4-t984api-manual\apps\local-node-host\tests\bin\debug\net11.0\harborline.api.localnodehost.tests.dll" id="78bc9a27-945f-ab60-ae7d-89c8350111f7">
      <Execution id="733aa04b-c15b-479b-bd55-452304b4bdee" />
      <TestMethod codeBase="C:\Projects\Harborline\harborline-api\.codex\worktrees\r4-t984api-manual\apps\local-node-host\tests\bin\Debug\net11.0\Harborline.Api.LocalNodeHost.Tests.dll" adapterTypeName="executor://xunit/VsTestRunner3/netcore/" className="Harborline.Api.LocalNodeHost.Tests.AssetRegistry.PackBoundSelectedPrincipalTests" name="Allowed_write_still_refuses_an_unavailable_bound_form" />
    </UnitTest>
    <UnitTest name="Harborline.Api.LocalNodeHost.Tests.AssetRegistry.PackBoundSelectedPrincipalTests.Type_writes_decide_in_the_selected_tenant_when_the_active_team_differs" storage="c:\projects\harborline\harborline-api\.codex\worktrees\r4-t984api-manual\apps\local-node-host\tests\bin\debug\net11.0\harborline.api.localnodehost.tests.dll" id="fd64c781-d529-968d-6479-574f7df85859">
      <Execution id="1bd94eac-1502-4464-a831-7397135404e2" />
      <TestMethod codeBase="C:\Projects\Harborline\harborline-api\.codex\worktrees\r4-t984api-manual\apps\local-node-host\tests\bin\Debug\net11.0\Harborline.Api.LocalNodeHost.Tests.dll" adapterTypeName="executor://xunit/VsTestRunner3/netcore/" className="Harborline.Api.LocalNodeHost.Tests.AssetRegistry.PackBoundSelectedPrincipalTests" name="Type_writes_decide_in_the_selected_tenant_when_the_active_team_differs" />
    </UnitTest>
    <UnitTest name="Harborline.Api.LocalNodeHost.Tests.AssetRegistry.PackBoundSelectedPrincipalTests.Allowed_write_still_refuses_an_unavailable_bound_form(formState: &quot;draft&quot;)" storage="c:\projects\harborline\harborline-api\.codex\worktrees\r4-t984api-manual\apps\local-node-host\tests\bin\debug\net11.0\harborline.api.localnodehost.tests.dll" id="ca3ab777-89e0-0536-c7c8-ab8bf136e408">
      <Execution id="d0a3827a-05fd-4205-ae06-525a90dff418" />
      <TestMethod codeBase="C:\Projects\Harborline\harborline-api\.codex\worktrees\r4-t984api-manual\apps\local-node-host\tests\bin\Debug\net11.0\Harborline.Api.LocalNodeHost.Tests.dll" adapterTypeName="executor://xunit/VsTestRunner3/netcore/" className="Harborline.Api.LocalNodeHost.Tests.AssetRegistry.PackBoundSelectedPrincipalTests" name="Allowed_write_still_refuses_an_unavailable_bound_form" />
    </UnitTest>
    <UnitTest name="Harborline.Api.LocalNodeHost.Tests.AssetRegistry.PackBoundSelectedPrincipalTests.Edge_write_decides_in_the_selected_tenant_when_the_active_team_differs" storage="c:\projects\harborline\harborline-api\.codex\worktrees\r4-t984api-manual\apps\local-node-host\tests\bin\debug\net11.0\harborline.api.localnodehost.tests.dll" id="6ef04459-59c8-c878-3bd6-8dcba95f1f1d">
      <Execution id="d8631fb5-52d3-48ac-9462-319bb3eec96c" />
      <TestMethod codeBase="C:\Projects\Harborline\harborline-api\.codex\worktrees\r4-t984api-manual\apps\local-node-host\tests\bin\Debug\net11.0\Harborline.Api.LocalNodeHost.Tests.dll" adapterTypeName="executor://xunit/VsTestRunner3/netcore/" className="Harborline.Api.LocalNodeHost.Tests.AssetRegistry.PackBoundSelectedPrincipalTests" name="Edge_write_decides_in_the_selected_tenant_when_the_active_team_differs" />
    </UnitTest>
    <UnitTest name="Harborline.Api.LocalNodeHost.Tests.AssetRegistry.PackBoundSelectedPrincipalTests.Canonical_principal_grant_authorizes_while_party_remains_record_author(differentActiveTenant: False)" storage="c:\projects\harborline\harborline-api\.codex\worktrees\r4-t984api-manual\apps\local-node-host\tests\bin\debug\net11.0\harborline.api.localnodehost.tests.dll" id="8ccb7b2d-60bd-cedb-05a0-2d6f0ff1e023">
      <Execution id="978c34c5-0b0a-47c1-86b2-6e8e01d9068e" />
      <TestMethod codeBase="C:\Projects\Harborline\harborline-api\.codex\worktrees\r4-t984api-manual\apps\local-node-host\tests\bin\Debug\net11.0\Harborline.Api.LocalNodeHost.Tests.dll" adapterTypeName="executor://xunit/VsTestRunner3/netcore/" className="Harborline.Api.LocalNodeHost.Tests.AssetRegistry.PackBoundSelectedPrincipalTests" name="Canonical_principal_grant_authorizes_while_party_remains_record_author" />
    </UnitTest>
    <UnitTest name="Harborline.Api.LocalNodeHost.Tests.AssetRegistry.PackBoundSelectedPrincipalTests.Denied_write_does_not_resolve_or_disclose_an_unavailable_bound_form(formState: &quot;missing&quot;)" storage="c:\projects\harborline\harborline-api\.codex\worktrees\r4-t984api-manual\apps\local-node-host\tests\bin\debug\net11.0\harborline.api.localnodehost.tests.dll" id="d9f867c5-11a4-713b-7b9c-65d60d981522">
      <Execution id="711dab4f-a92b-4224-956d-07a25193a7d2" />
      <TestMethod codeBase="C:\Projects\Harborline\harborline-api\.codex\worktrees\r4-t984api-manual\apps\local-node-host\tests\bin\Debug\net11.0\Harborline.Api.LocalNodeHost.Tests.dll" adapterTypeName="executor://xunit/VsTestRunner3/netcore/" className="Harborline.Api.LocalNodeHost.Tests.AssetRegistry.PackBoundSelectedPrincipalTests" name="Denied_write_does_not_resolve_or_disclose_an_unavailable_bound_form" />
    </UnitTest>
    <UnitTest name="Harborline.Api.LocalNodeHost.Tests.AssetRegistry.PackBoundSelectedPrincipalTests.A_grant_to_the_attribution_party_cannot_authorize_the_selected_principal" storage="c:\projects\harborline\harborline-api\.codex\worktrees\r4-t984api-manual\apps\local-node-host\tests\bin\debug\net11.0\harborline.api.localnodehost.tests.dll" id="12713236-7518-0d19-06c2-0ebc62be7d1e">
      <Execution id="cfcc457d-443d-4985-9e62-c452cbcac7cc" />
      <TestMethod codeBase="C:\Projects\Harborline\harborline-api\.codex\worktrees\r4-t984api-manual\apps\local-node-host\tests\bin\Debug\net11.0\Harborline.Api.LocalNodeHost.Tests.dll" adapterTypeName="executor://xunit/VsTestRunner3/netcore/" className="Harborline.Api.LocalNodeHost.Tests.AssetRegistry.PackBoundSelectedPrincipalTests" name="A_grant_to_the_attribution_party_cannot_authorize_the_selected_principal" />
    </UnitTest>
  </TestDefinitions>
  <TestEntries>
    <TestEntry testId="fd64c781-d529-968d-6479-574f7df85859" executionId="1bd94eac-1502-4464-a831-7397135404e2" testListId="8c84fa94-04c1-424b-9868-57a2d4851a1d" />
    <TestEntry testId="78bc9a27-945f-ab60-ae7d-89c8350111f7" executionId="733aa04b-c15b-479b-bd55-452304b4bdee" testListId="8c84fa94-04c1-424b-9868-57a2d4851a1d" />
    <TestEntry testId="a8f1b496-d77a-09b4-8a69-e943df218304" executionId="cf528488-a696-4502-9f8f-4c98b4a73bf0" testListId="8c84fa94-04c1-424b-9868-57a2d4851a1d" />
    <TestEntry testId="d9f867c5-11a4-713b-7b9c-65d60d981522" executionId="711dab4f-a92b-4224-956d-07a25193a7d2" testListId="8c84fa94-04c1-424b-9868-57a2d4851a1d" />
    <TestEntry testId="52099964-77ac-6403-ef12-26bba699e665" executionId="447eb726-d251-4d11-aaae-2b7d650581a3" testListId="8c84fa94-04c1-424b-9868-57a2d4851a1d" />
    <TestEntry testId="6ef04459-59c8-c878-3bd6-8dcba95f1f1d" executionId="d8631fb5-52d3-48ac-9462-319bb3eec96c" testListId="8c84fa94-04c1-424b-9868-57a2d4851a1d" />
    <TestEntry testId="12713236-7518-0d19-06c2-0ebc62be7d1e" executionId="cfcc457d-443d-4985-9e62-c452cbcac7cc" testListId="8c84fa94-04c1-424b-9868-57a2d4851a1d" />
    <TestEntry testId="8ccb7b2d-60bd-cedb-05a0-2d6f0ff1e023" executionId="978c34c5-0b0a-47c1-86b2-6e8e01d9068e" testListId="8c84fa94-04c1-424b-9868-57a2d4851a1d" />
    <TestEntry testId="ca3ab777-89e0-0536-c7c8-ab8bf136e408" executionId="d0a3827a-05fd-4205-ae06-525a90dff418" testListId="8c84fa94-04c1-424b-9868-57a2d4851a1d" />
  </TestEntries>
  <TestLists>
    <TestList name="Results Not in a List" id="8c84fa94-04c1-424b-9868-57a2d4851a1d" />
    <TestList name="All Loaded Results" id="19431567-8539-422a-85d7-44ee4e166bda" />
  </TestLists>
  <ResultSummary outcome="Failed">
    <Counters total="9" executed="9" passed="8" failed="1" error="0" timeout="0" aborted="0" inconclusive="0" passedButRunAborted="0" notRunnable="0" notExecuted="0" disconnected="0" warning="0" completed="0" inProgress="0" pending="0" />
    <Output>
      <StdOut>[xUnit.net 00:00:00.00] xUnit.net VSTest Adapter v4.0.0+05679a7ab5 (64-bit .NET 11.0.0-rc.1.26425.128)&#xD;
[xUnit.net 00:00:00.53]   Discovering: Harborline.Api.LocalNodeHost.Tests&#xD;
[xUnit.net 00:00:01.26]   Discovered:  Harborline.Api.LocalNodeHost.Tests&#xD;
[xUnit.net 00:00:01.30]   Starting:    Harborline.Api.LocalNodeHost.Tests&#xD;
[xUnit.net 00:00:02.08]       Assert.Equal() Failure: Values differ&#xD;
[xUnit.net 00:00:02.08]       Expected: Created&#xD;
[xUnit.net 00:00:02.08]       Actual:   Forbidden&#xD;
[xUnit.net 00:00:02.08]       Stack Trace:&#xD;
[xUnit.net 00:00:02.08]         C:\Projects\Harborline\harborline-api\.codex\worktrees\r4-t984api-manual\apps\local-node-host\tests\AssetRegistry\PackBoundSelectedPrincipalTests.cs(133,0): at Harborline.Api.LocalNodeHost.Tests.AssetRegistry.PackBoundSelectedPrincipalTests.Type_writes_decide_in_the_selected_tenant_when_the_active_team_differs()&#xD;
[xUnit.net 00:00:02.08]         C:\Projects\Harborline\harborline-api\.codex\worktrees\r4-t984api-manual\apps\local-node-host\tests\AssetRegistry\PackBoundSelectedPrincipalTests.cs(145,0): at Harborline.Api.LocalNodeHost.Tests.AssetRegistry.PackBoundSelectedPrincipalTests.Type_writes_decide_in_the_selected_tenant_when_the_active_team_differs()&#xD;
[xUnit.net 00:00:02.08]         --- End of stack trace from previous location ---&#xD;
[xUnit.net 00:00:02.71]   Finished:    Harborline.Api.LocalNodeHost.Tests&#xD;
</StdOut>
    </Output>
    <RunInfos>
      <RunInfo computerName="DESKTOP-UMT08RN" outcome="Error" timestamp="2026-09-30T07:40:16.9820987-04:00">
        <Text>[xUnit.net 00:00:02.08]     Harborline.Api.LocalNodeHost.Tests.AssetRegistry.PackBoundSelectedPrincipalTests.Type_writes_decide_in_the_selected_tenant_when_the_active_team_differs [FAIL]</Text>
      </RunInfo>
    </RunInfos>
  </ResultSummary>
</TestRun>