<?xml version="1.0" encoding="utf-8"?>
<TestRun id="73836407-fb18-4c95-a7ac-10b1002ec0c2" name="Chris@DESKTOP-UMT08RN 2026-09-30 07:39:03" runUser="DESKTOP-UMT08RN\Chris" xmlns="http://microsoft.com/schemas/VisualStudio/TeamTest/2010">
  <Times creation="2026-09-30T07:39:03.1574078-04:00" queuing="2026-09-30T07:39:03.1574079-04:00" start="2026-09-30T07:39:01.3600704-04:00" finish="2026-09-30T07:39:03.2683181-04:00" />
  <TestSettings name="default" id="2817ebeb-4b11-4480-8a19-12bd9cde3fbf">
    <Deployment runDeploymentRoot="Chris_DESKTOP-UMT08RN_2026-09-30_07_39_03" />
  </TestSettings>
  <Results>
    <UnitTestResult executionId="52c5fe61-9912-4085-bd82-89572347a038" testId="0c85e73e-bdef-3d41-e006-5a63c6007501" testName="Harborline.Api.LocalNodeHost.Tests.Authorization.RosterGateDecisionTests.Role_attenuation_checks_each_required_scope_inside_the_gate(heldScope: &quot;/records/one&quot;, requiredScope: &quot;/records/one&quot;, allowed: True)" computerName="DESKTOP-UMT08RN" duration="00:00:00.0038818" startTime="2026-09-30T07:39:03.1412892-04:00" endTime="2026-09-30T07:39:03.1413507-04:00" testType="13cdc9d9-ddb5-4fa4-a97d-d965ccfc6d4b" outcome="Passed" testListId="8c84fa94-04c1-424b-9868-57a2d4851a1d" relativeResultsDirectory="52c5fe61-9912-4085-bd82-89572347a038" />
    <UnitTestResult executionId="1e5e6160-29c4-4489-9956-7fe2eca030b3" testId="533a9c8d-8b6d-9da4-9050-608b64370a30" testName="Harborline.Api.LocalNodeHost.Tests.Authorization.RosterGateDecisionTests.Role_attenuation_checks_each_required_scope_inside_the_gate(heldScope: &quot;/records/one&quot;, requiredScope: &quot;/&quot;, allowed: False)" computerName="DESKTOP-UMT08RN" duration="00:00:00.0000855" startTime="2026-09-30T07:39:03.1418955-04:00" endTime="2026-09-30T07:39:03.1419459-04:00" testType="13cdc9d9-ddb5-4fa4-a97d-d965ccfc6d4b" outcome="Passed" testListId="8c84fa94-04c1-424b-9868-57a2d4851a1d" relativeResultsDirectory="1e5e6160-29c4-4489-9956-7fe2eca030b3" />
    <UnitTestResult executionId="92ec71bc-c268-4816-87a3-8f371f3fe42b" testId="14b4485f-14c5-706d-1f1f-5843c986cf0b" testName="Harborline.Api.LocalNodeHost.Tests.Authorization.RosterGateDecisionTests.Caller_supplied_deny_is_ignored_and_only_gate_derived_denials_reach_the_decision" computerName="DESKTOP-UMT08RN" duration="00:00:00.0020569" startTime="2026-09-30T07:39:03.1423832-04:00" endTime="2026-09-30T07:39:03.1454122-04:00" testType="13cdc9d9-ddb5-4fa4-a97d-d965ccfc6d4b" outcome="Failed" testListId="8c84fa94-04c1-424b-9868-57a2d4851a1d" relativeResultsDirectory="92ec71bc-c268-4816-87a3-8f371f3fe42b">
      <Output>
        <ErrorInfo>
          <Message>Assert.Equal() Failure: Values differ&#xD;
Expected: Allowed&#xD;
Actual:   Denied</Message>
          <StackTrace>   at Harborline.Api.LocalNodeHost.Tests.Authorization.RosterGateDecisionTests.Caller_supplied_deny_is_ignored_and_only_gate_derived_denials_reach_the_decision() in C:\Projects\Harborline\harborline-api\.codex\worktrees\r4-t984api-manual\apps\local-node-host\tests\Authorization\RosterGateDecisionTests.cs:line 176&#xD;
--- End of stack trace from previous location ---</StackTrace>
        </ErrorInfo>
      </Output>
    </UnitTestResult>
    <UnitTestResult executionId="a24c767b-9082-4693-b9b1-bd6f7c5888cc" testId="81f29303-2d35-92a9-bfe6-8c4ee806a46d" testName="Harborline.Api.LocalNodeHost.Tests.Authorization.RosterGateDecisionTests.A_prospective_successor_without_a_roster_edge_is_allowed_and_one_with_a_narrowed_edge_is_refused(member: False, holdsManage: False, ejected: False, allowed: True)" computerName="DESKTOP-UMT08RN" duration="00:00:00.0017823" startTime="2026-09-30T07:39:03.0786448-04:00" endTime="2026-09-30T07:39:03.0797275-04:00" testType="13cdc9d9-ddb5-4fa4-a97d-d965ccfc6d4b" outcome="Passed" testListId="8c84fa94-04c1-424b-9868-57a2d4851a1d" relativeResultsDirectory="a24c767b-9082-4693-b9b1-bd6f7c5888cc" />
    <UnitTestResult executionId="9d35d410-9d38-477e-99ca-f5c396cd942b" testId="05bba989-620d-faa7-675e-84125fab448e" testName="Harborline.Api.LocalNodeHost.Tests.Authorization.RosterGateDecisionTests.Without_the_prospective_flag_a_successor_with_no_edge_and_no_grants_is_refused" computerName="DESKTOP-UMT08RN" duration="00:00:00.0009701" startTime="2026-09-30T07:39:03.1275147-04:00" endTime="2026-09-30T07:39:03.1283793-04:00" testType="13cdc9d9-ddb5-4fa4-a97d-d965ccfc6d4b" outcome="Passed" testListId="8c84fa94-04c1-424b-9868-57a2d4851a1d" relativeResultsDirectory="9d35d410-9d38-477e-99ca-f5c396cd942b" />
    <UnitTestResult executionId="74c7808a-9709-45ba-96f8-fd540f840861" testId="d8cd0853-897c-af84-eb53-cd41fd2ab854" testName="Harborline.Api.LocalNodeHost.Tests.Authorization.RosterGateDecisionTests.Attenuation_evidence_retains_scoped_bindings_exclusions_and_the_recorded_result(revoked: True)" computerName="DESKTOP-UMT08RN" duration="00:00:00.0419603" startTime="2026-09-30T07:39:03.0812122-04:00" endTime="2026-09-30T07:39:03.1222226-04:00" testType="13cdc9d9-ddb5-4fa4-a97d-d965ccfc6d4b" outcome="Passed" testListId="8c84fa94-04c1-424b-9868-57a2d4851a1d" relativeResultsDirectory="74c7808a-9709-45ba-96f8-fd540f840861" />
    <UnitTestResult executionId="5fdf2b79-1cb7-40b5-aad0-d8ffe5bf495a" testId="66e2c9c4-4a5c-afbf-793e-f6351719daf7" testName="Harborline.Api.LocalNodeHost.Tests.Authorization.RosterGateDecisionTests.Role_attenuation_checks_each_required_scope_inside_the_gate(heldScope: &quot;/records/one&quot;, requiredScope: &quot;/records/two&quot;, allowed: False)" computerName="DESKTOP-UMT08RN" duration="00:00:00.0003395" startTime="2026-09-30T07:39:03.1415987-04:00" endTime="2026-09-30T07:39:03.1416566-04:00" testType="13cdc9d9-ddb5-4fa4-a97d-d965ccfc6d4b" outcome="Passed" testListId="8c84fa94-04c1-424b-9868-57a2d4851a1d" relativeResultsDirectory="5fdf2b79-1cb7-40b5-aad0-d8ffe5bf495a" />
    <UnitTestResult executionId="d7f64d4e-c1b8-4634-98fa-a620d172a5f7" testId="5b5d54db-c095-0b1a-7575-e4c12d503bbe" testName="Harborline.Api.LocalNodeHost.Tests.Authorization.RosterGateDecisionTests.Gate_derived_membership_ejection_and_grants_form_one_decision(member: True, ejected: False, holdsManage: True, allowed: True)" computerName="DESKTOP-UMT08RN" duration="00:00:00.0000938" startTime="2026-09-30T07:39:03.1595454-04:00" endTime="2026-09-30T07:39:03.1595861-04:00" testType="13cdc9d9-ddb5-4fa4-a97d-d965ccfc6d4b" outcome="Passed" testListId="8c84fa94-04c1-424b-9868-57a2d4851a1d" relativeResultsDirectory="d7f64d4e-c1b8-4634-98fa-a620d172a5f7" />
    <UnitTestResult executionId="9c3e76f5-05e2-4f07-ab49-d49b91bd803c" testId="44e1aa46-5ae1-5a9c-7838-1899bbfcb046" testName="Harborline.Api.LocalNodeHost.Tests.Authorization.RosterGateDecisionTests.Caller_supplied_false_constraints_cannot_widen_the_gate_derived_roster" computerName="DESKTOP-UMT08RN" duration="00:00:00.0009358" startTime="2026-09-30T07:39:03.1715321-04:00" endTime="2026-09-30T07:39:03.1723796-04:00" testType="13cdc9d9-ddb5-4fa4-a97d-d965ccfc6d4b" outcome="Passed" testListId="8c84fa94-04c1-424b-9868-57a2d4851a1d" relativeResultsDirectory="9c3e76f5-05e2-4f07-ab49-d49b91bd803c" />
    <UnitTestResult executionId="eb152c82-3b77-463a-a0d9-69f99900d126" testId="b9ca903f-2e6e-8e8d-1f00-4435f035a40d" testName="Harborline.Api.LocalNodeHost.Tests.Authorization.RosterGateDecisionTests.A_prospective_successor_without_a_roster_edge_is_allowed_and_one_with_a_narrowed_edge_is_refused(member: True, holdsManage: True, ejected: False, allowed: True)" computerName="DESKTOP-UMT08RN" duration="00:00:00.0152106" startTime="2026-09-30T07:39:03.0731042-04:00" endTime="2026-09-30T07:39:03.0779921-04:00" testType="13cdc9d9-ddb5-4fa4-a97d-d965ccfc6d4b" outcome="Passed" testListId="8c84fa94-04c1-424b-9868-57a2d4851a1d" relativeResultsDirectory="eb152c82-3b77-463a-a0d9-69f99900d126" />
    <UnitTestResult executionId="065b3c74-cb3f-4998-93eb-7916808a4b04" testId="050233bd-6564-65b3-c941-f72b8a865ce1" testName="Harborline.Api.LocalNodeHost.Tests.Authorization.RosterGateDecisionTests.Attenuation_evidence_retains_scoped_bindings_exclusions_and_the_recorded_result(revoked: False)" computerName="DESKTOP-UMT08RN" duration="00:00:00.0015319" startTime="2026-09-30T07:39:03.1224099-04:00" endTime="2026-09-30T07:39:03.1238025-04:00" testType="13cdc9d9-ddb5-4fa4-a97d-d965ccfc6d4b" outcome="Passed" testListId="8c84fa94-04c1-424b-9868-57a2d4851a1d" relativeResultsDirectory="065b3c74-cb3f-4998-93eb-7916808a4b04" />
    <UnitTestResult executionId="7601337f-45fe-4d81-ab90-a9d41a3e641f" testId="7e5ee025-29e3-983c-ada1-36a2eadef2de" testName="Harborline.Api.LocalNodeHost.Tests.Authorization.RosterGateDecisionTests.Gate_derived_membership_ejection_and_grants_form_one_decision(member: False, ejected: False, holdsManage: True, allowed: False)" computerName="DESKTOP-UMT08RN" duration="00:00:00.0000967" startTime="2026-09-30T07:39:03.1593151-04:00" endTime="2026-09-30T07:39:03.1594606-04:00" testType="13cdc9d9-ddb5-4fa4-a97d-d965ccfc6d4b" outcome="Passed" testListId="8c84fa94-04c1-424b-9868-57a2d4851a1d" relativeResultsDirectory="7601337f-45fe-4d81-ab90-a9d41a3e641f" />
    <UnitTestResult executionId="ecd6218d-65ef-4c76-a152-8160e18c54d5" testId="bdbe7fc5-562d-a090-5a85-0088794d0191" testName="Harborline.Api.LocalNodeHost.Tests.Authorization.RosterGateDecisionTests.A_roster_carrying_request_at_a_narrower_scope_decides_on_that_scopes_derivations" computerName="DESKTOP-UMT08RN" duration="00:00:00.0034595" startTime="2026-09-30T07:39:03.1240018-04:00" endTime="2026-09-30T07:39:03.1273367-04:00" testType="13cdc9d9-ddb5-4fa4-a97d-d965ccfc6d4b" outcome="Passed" testListId="8c84fa94-04c1-424b-9868-57a2d4851a1d" relativeResultsDirectory="ecd6218d-65ef-4c76-a152-8160e18c54d5" />
    <UnitTestResult executionId="57200e62-bb0e-4e7b-a59f-f3449380e5f6" testId="dad1f9aa-a926-3cc6-c111-4067bab41ea0" testName="Harborline.Api.LocalNodeHost.Tests.Authorization.RosterGateDecisionTests.Gate_derived_membership_ejection_and_grants_form_one_decision(member: True, ejected: True, holdsManage: True, allowed: False)" computerName="DESKTOP-UMT08RN" duration="00:00:00.0009434" startTime="2026-09-30T07:39:03.1583397-04:00" endTime="2026-09-30T07:39:03.1583949-04:00" testType="13cdc9d9-ddb5-4fa4-a97d-d965ccfc6d4b" outcome="Passed" testListId="8c84fa94-04c1-424b-9868-57a2d4851a1d" relativeResultsDirectory="57200e62-bb0e-4e7b-a59f-f3449380e5f6" />
    <UnitTestResult executionId="651ae746-847d-40d1-8383-876d2f84e232" testId="d0b283f8-715f-38f4-7003-dff88ecafb7a" testName="Harborline.Api.LocalNodeHost.Tests.Authorization.RosterGateDecisionTests.Only_the_kernel_can_set_a_grant_refusal_on_a_gate_request" computerName="DESKTOP-UMT08RN" duration="00:00:00.0008547" startTime="2026-09-30T07:39:03.1285833-04:00" endTime="2026-09-30T07:39:03.1292836-04:00" testType="13cdc9d9-ddb5-4fa4-a97d-d965ccfc6d4b" outcome="Passed" testListId="8c84fa94-04c1-424b-9868-57a2d4851a1d" relativeResultsDirectory="651ae746-847d-40d1-8383-876d2f84e232" />
    <UnitTestResult executionId="9766408d-f546-4708-8a9b-c0f508d9464c" testId="8726df3b-aec3-927e-4d4f-ebaa56eeb398" testName="Harborline.Api.LocalNodeHost.Tests.Authorization.RosterGateDecisionTests.A_prospective_successor_without_a_roster_edge_is_allowed_and_one_with_a_narrowed_edge_is_refused(member: False, holdsManage: False, ejected: True, allowed: False)" computerName="DESKTOP-UMT08RN" duration="00:00:00.0532969" startTime="2026-09-30T07:39:03.0027418-04:00" endTime="2026-09-30T07:39:03.0624623-04:00" testType="13cdc9d9-ddb5-4fa4-a97d-d965ccfc6d4b" outcome="Passed" testListId="8c84fa94-04c1-424b-9868-57a2d4851a1d" relativeResultsDirectory="9766408d-f546-4708-8a9b-c0f508d9464c" />
    <UnitTestResult executionId="d0d4ad5d-2d2e-427d-a1bf-7978cde8c738" testId="b4c0935f-8253-5414-b8b5-57ee48e6af2c" testName="Harborline.Api.LocalNodeHost.Tests.Authorization.RosterGateDecisionTests.Unreadable_roster_refuses_an_ordinary_act_the_grants_allow" computerName="DESKTOP-UMT08RN" duration="00:00:00.0006997" startTime="2026-09-30T07:39:03.1694604-04:00" endTime="2026-09-30T07:39:03.1700926-04:00" testType="13cdc9d9-ddb5-4fa4-a97d-d965ccfc6d4b" outcome="Passed" testListId="8c84fa94-04c1-424b-9868-57a2d4851a1d" relativeResultsDirectory="d0d4ad5d-2d2e-427d-a1bf-7978cde8c738" />
    <UnitTestResult executionId="fad56bf2-4bf5-414a-81c0-37f681015d7d" testId="ea1ce3f7-2ef7-d403-9b95-c25bce0c2078" testName="Harborline.Api.LocalNodeHost.Tests.Authorization.RosterGateDecisionTests.Role_attenuation_checks_each_required_scope_inside_the_gate(heldScope: &quot;/&quot;, requiredScope: &quot;/&quot;, allowed: True)" computerName="DESKTOP-UMT08RN" duration="00:00:00.0000736" startTime="2026-09-30T07:39:03.1422130-04:00" endTime="2026-09-30T07:39:03.1422600-04:00" testType="13cdc9d9-ddb5-4fa4-a97d-d965ccfc6d4b" outcome="Passed" testListId="8c84fa94-04c1-424b-9868-57a2d4851a1d" relativeResultsDirectory="fad56bf2-4bf5-414a-81c0-37f681015d7d" />
    <UnitTestResult executionId="3daec810-4510-4682-8d7a-bd740c6fd63b" testId="fcd0e0be-5e6e-5b58-53a2-ce940ed96a3e" testName="Harborline.Api.LocalNodeHost.Tests.Authorization.RosterGateDecisionTests.A_prospective_successor_without_a_roster_edge_is_allowed_and_one_with_a_narrowed_edge_is_refused(member: True, holdsManage: False, ejected: False, allowed: False)" computerName="DESKTOP-UMT08RN" duration="00:00:00.0000769" startTime="2026-09-30T07:39:03.0798650-04:00" endTime="2026-09-30T07:39:03.0799255-04:00" testType="13cdc9d9-ddb5-4fa4-a97d-d965ccfc6d4b" outcome="Passed" testListId="8c84fa94-04c1-424b-9868-57a2d4851a1d" relativeResultsDirectory="3daec810-4510-4682-8d7a-bd740c6fd63b" />
    <UnitTestResult executionId="d76b15e4-4ab3-44df-bf1c-27892c30f789" testId="04dde362-11b7-3a90-6d00-16899c586142" testName="Harborline.Api.LocalNodeHost.Tests.Authorization.RosterGateDecisionTests.Only_the_kernel_can_set_roster_facts_on_a_gate_request" computerName="DESKTOP-UMT08RN" duration="00:00:00.0001421" startTime="2026-09-30T07:39:03.1580659-04:00" endTime="2026-09-30T07:39:03.1581120-04:00" testType="13cdc9d9-ddb5-4fa4-a97d-d965ccfc6d4b" outcome="Passed" testListId="8c84fa94-04c1-424b-9868-57a2d4851a1d" relativeResultsDirectory="d76b15e4-4ab3-44df-bf1c-27892c30f789" />
    <UnitTestResult executionId="2f762d3c-829e-48e0-a6fa-4089fd5ed784" testId="aa3f4590-12cb-d145-4656-ae8ed00901da" testName="Harborline.Api.LocalNodeHost.Tests.Authorization.RosterGateDecisionTests.Role_attenuation_checks_each_required_scope_inside_the_gate(heldScope: &quot;/&quot;, requiredScope: &quot;/records/one&quot;, allowed: True)" computerName="DESKTOP-UMT08RN" duration="00:00:00.0001056" startTime="2026-09-30T07:39:03.1420690-04:00" endTime="2026-09-30T07:39:03.1421212-04:00" testType="13cdc9d9-ddb5-4fa4-a97d-d965ccfc6d4b" outcome="Passed" testListId="8c84fa94-04c1-424b-9868-57a2d4851a1d" relativeResultsDirectory="2f762d3c-829e-48e0-a6fa-4089fd5ed784" />
    <UnitTestResult executionId="c7f01c73-9e29-4510-a0bd-211ccd61aa16" testId="97feebb6-0ee6-b88e-623b-358b1708b8aa" testName="Harborline.Api.LocalNodeHost.Tests.Authorization.RosterGateDecisionTests.Omitted_caller_roster_is_refused_when_the_gate_derives_no_member" computerName="DESKTOP-UMT08RN" duration="00:00:00.0123646" startTime="2026-09-30T07:39:03.1508940-04:00" endTime="2026-09-30T07:39:03.1579177-04:00" testType="13cdc9d9-ddb5-4fa4-a97d-d965ccfc6d4b" outcome="Passed" testListId="8c84fa94-04c1-424b-9868-57a2d4851a1d" relativeResultsDirectory="c7f01c73-9e29-4510-a0bd-211ccd61aa16" />
    <UnitTestResult executionId="0f0bdfb3-710e-4600-84d3-ef01566f9db2" testId="723abcdb-d786-8007-851b-aaef450eae67" testName="Harborline.Api.LocalNodeHost.Tests.Authorization.RosterGateDecisionTests.Gate_derived_membership_ejection_and_grants_form_one_decision(member: True, ejected: False, holdsManage: False, allowed: False)" computerName="DESKTOP-UMT08RN" duration="00:00:00.0003697" startTime="2026-09-30T07:39:03.1591804-04:00" endTime="2026-09-30T07:39:03.1592308-04:00" testType="13cdc9d9-ddb5-4fa4-a97d-d965ccfc6d4b" outcome="Passed" testListId="8c84fa94-04c1-424b-9868-57a2d4851a1d" relativeResultsDirectory="0f0bdfb3-710e-4600-84d3-ef01566f9db2" />
    <UnitTestResult executionId="6df8aeaa-c18c-431c-b12c-44ae8df7b711" testId="a791df35-38e0-bba9-a406-c3a0052fdb8f" testName="Harborline.Api.LocalNodeHost.Tests.Authorization.RosterGateDecisionTests.Empty_role_attenuation_cannot_admit_an_actor_without_members_manage" computerName="DESKTOP-UMT08RN" duration="00:00:00.0012590" startTime="2026-09-30T07:39:03.1702127-04:00" endTime="2026-09-30T07:39:03.1714003-04:00" testType="13cdc9d9-ddb5-4fa4-a97d-d965ccfc6d4b" outcome="Passed" testListId="8c84fa94-04c1-424b-9868-57a2d4851a1d" relativeResultsDirectory="6df8aeaa-c18c-431c-b12c-44ae8df7b711" />
    <UnitTestResult executionId="c46d02fe-87aa-429f-aca6-a230e2fbfa00" testId="aa13eae7-2de9-b968-6b66-800bc021f318" testName="Harborline.Api.LocalNodeHost.Tests.Authorization.RosterGateDecisionTests.A_denied_requirement_does_not_discard_evidence_for_later_requirements" computerName="DESKTOP-UMT08RN" duration="00:00:00.0102910" startTime="2026-09-30T07:39:03.1596791-04:00" endTime="2026-09-30T07:39:03.1693396-04:00" testType="13cdc9d9-ddb5-4fa4-a97d-d965ccfc6d4b" outcome="Passed" testListId="8c84fa94-04c1-424b-9868-57a2d4851a1d" relativeResultsDirectory="c46d02fe-87aa-429f-aca6-a230e2fbfa00" />
  </Results>
  <TestDefinitions>
    <UnitTest name="Harborline.Api.LocalNodeHost.Tests.Authorization.RosterGateDecisionTests.Without_the_prospective_flag_a_successor_with_no_edge_and_no_grants_is_refused" storage="c:\projects\harborline\harborline-api\.codex\worktrees\r4-t984api-manual\apps\local-node-host\tests\bin\debug\net11.0\harborline.api.localnodehost.tests.dll" id="05bba989-620d-faa7-675e-84125fab448e">
      <Execution id="9d35d410-9d38-477e-99ca-f5c396cd942b" />
      <TestMethod codeBase="C:\Projects\Harborline\harborline-api\.codex\worktrees\r4-t984api-manual\apps\local-node-host\tests\bin\Debug\net11.0\Harborline.Api.LocalNodeHost.Tests.dll" adapterTypeName="executor://xunit/VsTestRunner3/netcore/" className="Harborline.Api.LocalNodeHost.Tests.Authorization.RosterGateDecisionTests" name="Without_the_prospective_flag_a_successor_with_no_edge_and_no_grants_is_refused" />
    </UnitTest>
    <UnitTest name="Harborline.Api.LocalNodeHost.Tests.Authorization.RosterGateDecisionTests.Role_attenuation_checks_each_required_scope_inside_the_gate(heldScope: &quot;/&quot;, requiredScope: &quot;/records/one&quot;, allowed: True)" storage="c:\projects\harborline\harborline-api\.codex\worktrees\r4-t984api-manual\apps\local-node-host\tests\bin\debug\net11.0\harborline.api.localnodehost.tests.dll" id="aa3f4590-12cb-d145-4656-ae8ed00901da">
      <Execution id="2f762d3c-829e-48e0-a6fa-4089fd5ed784" />
      <TestMethod codeBase="C:\Projects\Harborline\harborline-api\.codex\worktrees\r4-t984api-manual\apps\local-node-host\tests\bin\Debug\net11.0\Harborline.Api.LocalNodeHost.Tests.dll" adapterTypeName="executor://xunit/VsTestRunner3/netcore/" className="Harborline.Api.LocalNodeHost.Tests.Authorization.RosterGateDecisionTests" name="Role_attenuation_checks_each_required_scope_inside_the_gate" />
    </UnitTest>
    <UnitTest name="Harborline.Api.LocalNodeHost.Tests.Authorization.RosterGateDecisionTests.Unreadable_roster_refuses_an_ordinary_act_the_grants_allow" storage="c:\projects\harborline\harborline-api\.codex\worktrees\r4-t984api-manual\apps\local-node-host\tests\bin\debug\net11.0\harborline.api.localnodehost.tests.dll" id="b4c0935f-8253-5414-b8b5-57ee48e6af2c">
      <Execution id="d0d4ad5d-2d2e-427d-a1bf-7978cde8c738" />
      <TestMethod codeBase="C:\Projects\Harborline\harborline-api\.codex\worktrees\r4-t984api-manual\apps\local-node-host\tests\bin\Debug\net11.0\Harborline.Api.LocalNodeHost.Tests.dll" adapterTypeName="executor://xunit/VsTestRunner3/netcore/" className="Harborline.Api.LocalNodeHost.Tests.Authorization.RosterGateDecisionTests" name="Unreadable_roster_refuses_an_ordinary_act_the_grants_allow" />
    </UnitTest>
    <UnitTest name="Harborline.Api.LocalNodeHost.Tests.Authorization.RosterGateDecisionTests.Gate_derived_membership_ejection_and_grants_form_one_decision(member: True, ejected: False, holdsManage: True, allowed: True)" storage="c:\projects\harborline\harborline-api\.codex\worktrees\r4-t984api-manual\apps\local-node-host\tests\bin\debug\net11.0\harborline.api.localnodehost.tests.dll" id="5b5d54db-c095-0b1a-7575-e4c12d503bbe">
      <Execution id="d7f64d4e-c1b8-4634-98fa-a620d172a5f7" />
      <TestMethod codeBase="C:\Projects\Harborline\harborline-api\.codex\worktrees\r4-t984api-manual\apps\local-node-host\tests\bin\Debug\net11.0\Harborline.Api.LocalNodeHost.Tests.dll" adapterTypeName="executor://xunit/VsTestRunner3/netcore/" className="Harborline.Api.LocalNodeHost.Tests.Authorization.RosterGateDecisionTests" name="Gate_derived_membership_ejection_and_grants_form_one_decision" />
    </UnitTest>
    <UnitTest name="Harborline.Api.LocalNodeHost.Tests.Authorization.RosterGateDecisionTests.Gate_derived_membership_ejection_and_grants_form_one_decision(member: True, ejected: False, holdsManage: False, allowed: False)" storage="c:\projects\harborline\harborline-api\.codex\worktrees\r4-t984api-manual\apps\local-node-host\tests\bin\debug\net11.0\harborline.api.localnodehost.tests.dll" id="723abcdb-d786-8007-851b-aaef450eae67">
      <Execution id="0f0bdfb3-710e-4600-84d3-ef01566f9db2" />
      <TestMethod codeBase="C:\Projects\Harborline\harborline-api\.codex\worktrees\r4-t984api-manual\apps\local-node-host\tests\bin\Debug\net11.0\Harborline.Api.LocalNodeHost.Tests.dll" adapterTypeName="executor://xunit/VsTestRunner3/netcore/" className="Harborline.Api.LocalNodeHost.Tests.Authorization.RosterGateDecisionTests" name="Gate_derived_membership_ejection_and_grants_form_one_decision" />
    </UnitTest>
    <UnitTest name="Harborline.Api.LocalNodeHost.Tests.Authorization.RosterGateDecisionTests.Gate_derived_membership_ejection_and_grants_form_one_decision(member: True, ejected: True, holdsManage: True, allowed: False)" storage="c:\projects\harborline\harborline-api\.codex\worktrees\r4-t984api-manual\apps\local-node-host\tests\bin\debug\net11.0\harborline.api.localnodehost.tests.dll" id="dad1f9aa-a926-3cc6-c111-4067bab41ea0">
      <Execution id="57200e62-bb0e-4e7b-a59f-f3449380e5f6" />
      <TestMethod codeBase="C:\Projects\Harborline\harborline-api\.codex\worktrees\r4-t984api-manual\apps\local-node-host\tests\bin\Debug\net11.0\Harborline.Api.LocalNodeHost.Tests.dll" adapterTypeName="executor://xunit/VsTestRunner3/netcore/" className="Harborline.Api.LocalNodeHost.Tests.Authorization.RosterGateDecisionTests" name="Gate_derived_membership_ejection_and_grants_form_one_decision" />
    </UnitTest>
    <UnitTest name="Harborline.Api.LocalNodeHost.Tests.Authorization.RosterGateDecisionTests.Only_the_kernel_can_set_roster_facts_on_a_gate_request" storage="c:\projects\harborline\harborline-api\.codex\worktrees\r4-t984api-manual\apps\local-node-host\tests\bin\debug\net11.0\harborline.api.localnodehost.tests.dll" id="04dde362-11b7-3a90-6d00-16899c586142">
      <Execution id="d76b15e4-4ab3-44df-bf1c-27892c30f789" />
      <TestMethod codeBase="C:\Projects\Harborline\harborline-api\.codex\worktrees\r4-t984api-manual\apps\local-node-host\tests\bin\Debug\net11.0\Harborline.Api.LocalNodeHost.Tests.dll" adapterTypeName="executor://xunit/VsTestRunner3/netcore/" className="Harborline.Api.LocalNodeHost.Tests.Authorization.RosterGateDecisionTests" name="Only_the_kernel_can_set_roster_facts_on_a_gate_request" />
    </UnitTest>
    <UnitTest name="Harborline.Api.LocalNodeHost.Tests.Authorization.RosterGateDecisionTests.Role_attenuation_checks_each_required_scope_inside_the_gate(heldScope: &quot;/records/one&quot;, requiredScope: &quot;/&quot;, allowed: False)" storage="c:\projects\harborline\harborline-api\.codex\worktrees\r4-t984api-manual\apps\local-node-host\tests\bin\debug\net11.0\harborline.api.localnodehost.tests.dll" id="533a9c8d-8b6d-9da4-9050-608b64370a30">
      <Execution id="1e5e6160-29c4-4489-9956-7fe2eca030b3" />
      <TestMethod codeBase="C:\Projects\Harborline\harborline-api\.codex\worktrees\r4-t984api-manual\apps\local-node-host\tests\bin\Debug\net11.0\Harborline.Api.LocalNodeHost.Tests.dll" adapterTypeName="executor://xunit/VsTestRunner3/netcore/" className="Harborline.Api.LocalNodeHost.Tests.Authorization.RosterGateDecisionTests" name="Role_attenuation_checks_each_required_scope_inside_the_gate" />
    </UnitTest>
    <UnitTest name="Harborline.Api.LocalNodeHost.Tests.Authorization.RosterGateDecisionTests.Caller_supplied_deny_is_ignored_and_only_gate_derived_denials_reach_the_decision" storage="c:\projects\harborline\harborline-api\.codex\worktrees\r4-t984api-manual\apps\local-node-host\tests\bin\debug\net11.0\harborline.api.localnodehost.tests.dll" id="14b4485f-14c5-706d-1f1f-5843c986cf0b">
      <Execution id="92ec71bc-c268-4816-87a3-8f371f3fe42b" />
      <TestMethod codeBase="C:\Projects\Harborline\harborline-api\.codex\worktrees\r4-t984api-manual\apps\local-node-host\tests\bin\Debug\net11.0\Harborline.Api.LocalNodeHost.Tests.dll" adapterTypeName="executor://xunit/VsTestRunner3/netcore/" className="Harborline.Api.LocalNodeHost.Tests.Authorization.RosterGateDecisionTests" name="Caller_supplied_deny_is_ignored_and_only_gate_derived_denials_reach_the_decision" />
    </UnitTest>
    <UnitTest name="Harborline.Api.LocalNodeHost.Tests.Authorization.RosterGateDecisionTests.A_roster_carrying_request_at_a_narrower_scope_decides_on_that_scopes_derivations" storage="c:\projects\harborline\harborline-api\.codex\worktrees\r4-t984api-manual\apps\local-node-host\tests\bin\debug\net11.0\harborline.api.localnodehost.tests.dll" id="bdbe7fc5-562d-a090-5a85-0088794d0191">
      <Execution id="ecd6218d-65ef-4c76-a152-8160e18c54d5" />
      <TestMethod codeBase="C:\Projects\Harborline\harborline-api\.codex\worktrees\r4-t984api-manual\apps\local-node-host\tests\bin\Debug\net11.0\Harborline.Api.LocalNodeHost.Tests.dll" adapterTypeName="executor://xunit/VsTestRunner3/netcore/" className="Harborline.Api.LocalNodeHost.Tests.Authorization.RosterGateDecisionTests" name="A_roster_carrying_request_at_a_narrower_scope_decides_on_that_scopes_derivations" />
    </UnitTest>
    <UnitTest name="Harborline.Api.LocalNodeHost.Tests.Authorization.RosterGateDecisionTests.Gate_derived_membership_ejection_and_grants_form_one_decision(member: False, ejected: False, holdsManage: True, allowed: False)" storage="c:\projects\harborline\harborline-api\.codex\worktrees\r4-t984api-manual\apps\local-node-host\tests\bin\debug\net11.0\harborline.api.localnodehost.tests.dll" id="7e5ee025-29e3-983c-ada1-36a2eadef2de">
      <Execution id="7601337f-45fe-4d81-ab90-a9d41a3e641f" />
      <TestMethod codeBase="C:\Projects\Harborline\harborline-api\.codex\worktrees\r4-t984api-manual\apps\local-node-host\tests\bin\Debug\net11.0\Harborline.Api.LocalNodeHost.Tests.dll" adapterTypeName="executor://xunit/VsTestRunner3/netcore/" className="Harborline.Api.LocalNodeHost.Tests.Authorization.RosterGateDecisionTests" name="Gate_derived_membership_ejection_and_grants_form_one_decision" />
    </UnitTest>
    <UnitTest name="Harborline.Api.LocalNodeHost.Tests.Authorization.RosterGateDecisionTests.Omitted_caller_roster_is_refused_when_the_gate_derives_no_member" storage="c:\projects\harborline\harborline-api\.codex\worktrees\r4-t984api-manual\apps\local-node-host\tests\bin\debug\net11.0\harborline.api.localnodehost.tests.dll" id="97feebb6-0ee6-b88e-623b-358b1708b8aa">
      <Execution id="c7f01c73-9e29-4510-a0bd-211ccd61aa16" />
      <TestMethod codeBase="C:\Projects\Harborline\harborline-api\.codex\worktrees\r4-t984api-manual\apps\local-node-host\tests\bin\Debug\net11.0\Harborline.Api.LocalNodeHost.Tests.dll" adapterTypeName="executor://xunit/VsTestRunner3/netcore/" className="Harborline.Api.LocalNodeHost.Tests.Authorization.RosterGateDecisionTests" name="Omitted_caller_roster_is_refused_when_the_gate_derives_no_member" />
    </UnitTest>
    <UnitTest name="Harborline.Api.LocalNodeHost.Tests.Authorization.RosterGateDecisionTests.A_prospective_successor_without_a_roster_edge_is_allowed_and_one_with_a_narrowed_edge_is_refused(member: False, holdsManage: False, ejected: True, allowed: False)" storage="c:\projects\harborline\harborline-api\.codex\worktrees\r4-t984api-manual\apps\local-node-host\tests\bin\debug\net11.0\harborline.api.localnodehost.tests.dll" id="8726df3b-aec3-927e-4d4f-ebaa56eeb398">
      <Execution id="9766408d-f546-4708-8a9b-c0f508d9464c" />
      <TestMethod codeBase="C:\Projects\Harborline\harborline-api\.codex\worktrees\r4-t984api-manual\apps\local-node-host\tests\bin\Debug\net11.0\Harborline.Api.LocalNodeHost.Tests.dll" adapterTypeName="executor://xunit/VsTestRunner3/netcore/" className="Harborline.Api.LocalNodeHost.Tests.Authorization.RosterGateDecisionTests" name="A_prospective_successor_without_a_roster_edge_is_allowed_and_one_with_a_narrowed_edge_is_refused" />
    </UnitTest>
    <UnitTest name="Harborline.Api.LocalNodeHost.Tests.Authorization.RosterGateDecisionTests.Role_attenuation_checks_each_required_scope_inside_the_gate(heldScope: &quot;/records/one&quot;, requiredScope: &quot;/records/two&quot;, allowed: False)" storage="c:\projects\harborline\harborline-api\.codex\worktrees\r4-t984api-manual\apps\local-node-host\tests\bin\debug\net11.0\harborline.api.localnodehost.tests.dll" id="66e2c9c4-4a5c-afbf-793e-f6351719daf7">
      <Execution id="5fdf2b79-1cb7-40b5-aad0-d8ffe5bf495a" />
      <TestMethod codeBase="C:\Projects\Harborline\harborline-api\.codex\worktrees\r4-t984api-manual\apps\local-node-host\tests\bin\Debug\net11.0\Harborline.Api.LocalNodeHost.Tests.dll" adapterTypeName="executor://xunit/VsTestRunner3/netcore/" className="Harborline.Api.LocalNodeHost.Tests.Authorization.RosterGateDecisionTests" name="Role_attenuation_checks_each_required_scope_inside_the_gate" />
    </UnitTest>
    <UnitTest name="Harborline.Api.LocalNodeHost.Tests.Authorization.RosterGateDecisionTests.Role_attenuation_checks_each_required_scope_inside_the_gate(heldScope: &quot;/records/one&quot;, requiredScope: &quot;/records/one&quot;, allowed: True)" storage="c:\projects\harborline\harborline-api\.codex\worktrees\r4-t984api-manual\apps\local-node-host\tests\bin\debug\net11.0\harborline.api.localnodehost.tests.dll" id="0c85e73e-bdef-3d41-e006-5a63c6007501">
      <Execution id="52c5fe61-9912-4085-bd82-89572347a038" />
      <TestMethod codeBase="C:\Projects\Harborline\harborline-api\.codex\worktrees\r4-t984api-manual\apps\local-node-host\tests\bin\Debug\net11.0\Harborline.Api.LocalNodeHost.Tests.dll" adapterTypeName="executor://xunit/VsTestRunner3/netcore/" className="Harborline.Api.LocalNodeHost.Tests.Authorization.RosterGateDecisionTests" name="Role_attenuation_checks_each_required_scope_inside_the_gate" />
    </UnitTest>
    <UnitTest name="Harborline.Api.LocalNodeHost.Tests.Authorization.RosterGateDecisionTests.Empty_role_attenuation_cannot_admit_an_actor_without_members_manage" storage="c:\projects\harborline\harborline-api\.codex\worktrees\r4-t984api-manual\apps\local-node-host\tests\bin\debug\net11.0\harborline.api.localnodehost.tests.dll" id="a791df35-38e0-bba9-a406-c3a0052fdb8f">
      <Execution id="6df8aeaa-c18c-431c-b12c-44ae8df7b711" />
      <TestMethod codeBase="C:\Projects\Harborline\harborline-api\.codex\worktrees\r4-t984api-manual\apps\local-node-host\tests\bin\Debug\net11.0\Harborline.Api.LocalNodeHost.Tests.dll" adapterTypeName="executor://xunit/VsTestRunner3/netcore/" className="Harborline.Api.LocalNodeHost.Tests.Authorization.RosterGateDecisionTests" name="Empty_role_attenuation_cannot_admit_an_actor_without_members_manage" />
    </UnitTest>
    <UnitTest name="Harborline.Api.LocalNodeHost.Tests.Authorization.RosterGateDecisionTests.A_prospective_successor_without_a_roster_edge_is_allowed_and_one_with_a_narrowed_edge_is_refused(member: True, holdsManage: False, ejected: False, allowed: False)" storage="c:\projects\harborline\harborline-api\.codex\worktrees\r4-t984api-manual\apps\local-node-host\tests\bin\debug\net11.0\harborline.api.localnodehost.tests.dll" id="fcd0e0be-5e6e-5b58-53a2-ce940ed96a3e">
      <Execution id="3daec810-4510-4682-8d7a-bd740c6fd63b" />
      <TestMethod codeBase="C:\Projects\Harborline\harborline-api\.codex\worktrees\r4-t984api-manual\apps\local-node-host\tests\bin\Debug\net11.0\Harborline.Api.LocalNodeHost.Tests.dll" adapterTypeName="executor://xunit/VsTestRunner3/netcore/" className="Harborline.Api.LocalNodeHost.Tests.Authorization.RosterGateDecisionTests" name="A_prospective_successor_without_a_roster_edge_is_allowed_and_one_with_a_narrowed_edge_is_refused" />
    </UnitTest>
    <UnitTest name="Harborline.Api.LocalNodeHost.Tests.Authorization.RosterGateDecisionTests.A_prospective_successor_without_a_roster_edge_is_allowed_and_one_with_a_narrowed_edge_is_refused(member: True, holdsManage: True, ejected: False, allowed: True)" storage="c:\projects\harborline\harborline-api\.codex\worktrees\r4-t984api-manual\apps\local-node-host\tests\bin\debug\net11.0\harborline.api.localnodehost.tests.dll" id="b9ca903f-2e6e-8e8d-1f00-4435f035a40d">
      <Execution id="eb152c82-3b77-463a-a0d9-69f99900d126" />
      <TestMethod codeBase="C:\Projects\Harborline\harborline-api\.codex\worktrees\r4-t984api-manual\apps\local-node-host\tests\bin\Debug\net11.0\Harborline.Api.LocalNodeHost.Tests.dll" adapterTypeName="executor://xunit/VsTestRunner3/netcore/" className="Harborline.Api.LocalNodeHost.Tests.Authorization.RosterGateDecisionTests" name="A_prospective_successor_without_a_roster_edge_is_allowed_and_one_with_a_narrowed_edge_is_refused" />
    </UnitTest>
    <UnitTest name="Harborline.Api.LocalNodeHost.Tests.Authorization.RosterGateDecisionTests.Only_the_kernel_can_set_a_grant_refusal_on_a_gate_request" storage="c:\projects\harborline\harborline-api\.codex\worktrees\r4-t984api-manual\apps\local-node-host\tests\bin\debug\net11.0\harborline.api.localnodehost.tests.dll" id="d0b283f8-715f-38f4-7003-dff88ecafb7a">
      <Execution id="651ae746-847d-40d1-8383-876d2f84e232" />
      <TestMethod codeBase="C:\Projects\Harborline\harborline-api\.codex\worktrees\r4-t984api-manual\apps\local-node-host\tests\bin\Debug\net11.0\Harborline.Api.LocalNodeHost.Tests.dll" adapterTypeName="executor://xunit/VsTestRunner3/netcore/" className="Harborline.Api.LocalNodeHost.Tests.Authorization.RosterGateDecisionTests" name="Only_the_kernel_can_set_a_grant_refusal_on_a_gate_request" />
    </UnitTest>
    <UnitTest name="Harborline.Api.LocalNodeHost.Tests.Authorization.RosterGateDecisionTests.Attenuation_evidence_retains_scoped_bindings_exclusions_and_the_recorded_result(revoked: False)" storage="c:\projects\harborline\harborline-api\.codex\worktrees\r4-t984api-manual\apps\local-node-host\tests\bin\debug\net11.0\harborline.api.localnodehost.tests.dll" id="050233bd-6564-65b3-c941-f72b8a865ce1">
      <Execution id="065b3c74-cb3f-4998-93eb-7916808a4b04" />
      <TestMethod codeBase="C:\Projects\Harborline\harborline-api\.codex\worktrees\r4-t984api-manual\apps\local-node-host\tests\bin\Debug\net11.0\Harborline.Api.LocalNodeHost.Tests.dll" adapterTypeName="executor://xunit/VsTestRunner3/netcore/" className="Harborline.Api.LocalNodeHost.Tests.Authorization.RosterGateDecisionTests" name="Attenuation_evidence_retains_scoped_bindings_exclusions_and_the_recorded_result" />
    </UnitTest>
    <UnitTest name="Harborline.Api.LocalNodeHost.Tests.Authorization.RosterGateDecisionTests.Role_attenuation_checks_each_required_scope_inside_the_gate(heldScope: &quot;/&quot;, requiredScope: &quot;/&quot;, allowed: True)" storage="c:\projects\harborline\harborline-api\.codex\worktrees\r4-t984api-manual\apps\local-node-host\tests\bin\debug\net11.0\harborline.api.localnodehost.tests.dll" id="ea1ce3f7-2ef7-d403-9b95-c25bce0c2078">
      <Execution id="fad56bf2-4bf5-414a-81c0-37f681015d7d" />
      <TestMethod codeBase="C:\Projects\Harborline\harborline-api\.codex\worktrees\r4-t984api-manual\apps\local-node-host\tests\bin\Debug\net11.0\Harborline.Api.LocalNodeHost.Tests.dll" adapterTypeName="executor://xunit/VsTestRunner3/netcore/" className="Harborline.Api.LocalNodeHost.Tests.Authorization.RosterGateDecisionTests" name="Role_attenuation_checks_each_required_scope_inside_the_gate" />
    </UnitTest>
    <UnitTest name="Harborline.Api.LocalNodeHost.Tests.Authorization.RosterGateDecisionTests.A_denied_requirement_does_not_discard_evidence_for_later_requirements" storage="c:\projects\harborline\harborline-api\.codex\worktrees\r4-t984api-manual\apps\local-node-host\tests\bin\debug\net11.0\harborline.api.localnodehost.tests.dll" id="aa13eae7-2de9-b968-6b66-800bc021f318">
      <Execution id="c46d02fe-87aa-429f-aca6-a230e2fbfa00" />
      <TestMethod codeBase="C:\Projects\Harborline\harborline-api\.codex\worktrees\r4-t984api-manual\apps\local-node-host\tests\bin\Debug\net11.0\Harborline.Api.LocalNodeHost.Tests.dll" adapterTypeName="executor://xunit/VsTestRunner3/netcore/" className="Harborline.Api.LocalNodeHost.Tests.Authorization.RosterGateDecisionTests" name="A_denied_requirement_does_not_discard_evidence_for_later_requirements" />
    </UnitTest>
    <UnitTest name="Harborline.Api.LocalNodeHost.Tests.Authorization.RosterGateDecisionTests.Caller_supplied_false_constraints_cannot_widen_the_gate_derived_roster" storage="c:\projects\harborline\harborline-api\.codex\worktrees\r4-t984api-manual\apps\local-node-host\tests\bin\debug\net11.0\harborline.api.localnodehost.tests.dll" id="44e1aa46-5ae1-5a9c-7838-1899bbfcb046">
      <Execution id="9c3e76f5-05e2-4f07-ab49-d49b91bd803c" />
      <TestMethod codeBase="C:\Projects\Harborline\harborline-api\.codex\worktrees\r4-t984api-manual\apps\local-node-host\tests\bin\Debug\net11.0\Harborline.Api.LocalNodeHost.Tests.dll" adapterTypeName="executor://xunit/VsTestRunner3/netcore/" className="Harborline.Api.LocalNodeHost.Tests.Authorization.RosterGateDecisionTests" name="Caller_supplied_false_constraints_cannot_widen_the_gate_derived_roster" />
    </UnitTest>
    <UnitTest name="Harborline.Api.LocalNodeHost.Tests.Authorization.RosterGateDecisionTests.Attenuation_evidence_retains_scoped_bindings_exclusions_and_the_recorded_result(revoked: True)" storage="c:\projects\harborline\harborline-api\.codex\worktrees\r4-t984api-manual\apps\local-node-host\tests\bin\debug\net11.0\harborline.api.localnodehost.tests.dll" id="d8cd0853-897c-af84-eb53-cd41fd2ab854">
      <Execution id="74c7808a-9709-45ba-96f8-fd540f840861" />
      <TestMethod codeBase="C:\Projects\Harborline\harborline-api\.codex\worktrees\r4-t984api-manual\apps\local-node-host\tests\bin\Debug\net11.0\Harborline.Api.LocalNodeHost.Tests.dll" adapterTypeName="executor://xunit/VsTestRunner3/netcore/" className="Harborline.Api.LocalNodeHost.Tests.Authorization.RosterGateDecisionTests" name="Attenuation_evidence_retains_scoped_bindings_exclusions_and_the_recorded_result" />
    </UnitTest>
    <UnitTest name="Harborline.Api.LocalNodeHost.Tests.Authorization.RosterGateDecisionTests.A_prospective_successor_without_a_roster_edge_is_allowed_and_one_with_a_narrowed_edge_is_refused(member: False, holdsManage: False, ejected: False, allowed: True)" storage="c:\projects\harborline\harborline-api\.codex\worktrees\r4-t984api-manual\apps\local-node-host\tests\bin\debug\net11.0\harborline.api.localnodehost.tests.dll" id="81f29303-2d35-92a9-bfe6-8c4ee806a46d">
      <Execution id="a24c767b-9082-4693-b9b1-bd6f7c5888cc" />
      <TestMethod codeBase="C:\Projects\Harborline\harborline-api\.codex\worktrees\r4-t984api-manual\apps\local-node-host\tests\bin\Debug\net11.0\Harborline.Api.LocalNodeHost.Tests.dll" adapterTypeName="executor://xunit/VsTestRunner3/netcore/" className="Harborline.Api.LocalNodeHost.Tests.Authorization.RosterGateDecisionTests" name="A_prospective_successor_without_a_roster_edge_is_allowed_and_one_with_a_narrowed_edge_is_refused" />
    </UnitTest>
  </TestDefinitions>
  <TestEntries>
    <TestEntry testId="0c85e73e-bdef-3d41-e006-5a63c6007501" executionId="52c5fe61-9912-4085-bd82-89572347a038" testListId="8c84fa94-04c1-424b-9868-57a2d4851a1d" />
    <TestEntry testId="533a9c8d-8b6d-9da4-9050-608b64370a30" executionId="1e5e6160-29c4-4489-9956-7fe2eca030b3" testListId="8c84fa94-04c1-424b-9868-57a2d4851a1d" />
    <TestEntry testId="14b4485f-14c5-706d-1f1f-5843c986cf0b" executionId="92ec71bc-c268-4816-87a3-8f371f3fe42b" testListId="8c84fa94-04c1-424b-9868-57a2d4851a1d" />
    <TestEntry testId="81f29303-2d35-92a9-bfe6-8c4ee806a46d" executionId="a24c767b-9082-4693-b9b1-bd6f7c5888cc" testListId="8c84fa94-04c1-424b-9868-57a2d4851a1d" />
    <TestEntry testId="05bba989-620d-faa7-675e-84125fab448e" executionId="9d35d410-9d38-477e-99ca-f5c396cd942b" testListId="8c84fa94-04c1-424b-9868-57a2d4851a1d" />
    <TestEntry testId="d8cd0853-897c-af84-eb53-cd41fd2ab854" executionId="74c7808a-9709-45ba-96f8-fd540f840861" testListId="8c84fa94-04c1-424b-9868-57a2d4851a1d" />
    <TestEntry testId="66e2c9c4-4a5c-afbf-793e-f6351719daf7" executionId="5fdf2b79-1cb7-40b5-aad0-d8ffe5bf495a" testListId="8c84fa94-04c1-424b-9868-57a2d4851a1d" />
    <TestEntry testId="5b5d54db-c095-0b1a-7575-e4c12d503bbe" executionId="d7f64d4e-c1b8-4634-98fa-a620d172a5f7" testListId="8c84fa94-04c1-424b-9868-57a2d4851a1d" />
    <TestEntry testId="44e1aa46-5ae1-5a9c-7838-1899bbfcb046" executionId="9c3e76f5-05e2-4f07-ab49-d49b91bd803c" testListId="8c84fa94-04c1-424b-9868-57a2d4851a1d" />
    <TestEntry testId="b9ca903f-2e6e-8e8d-1f00-4435f035a40d" executionId="eb152c82-3b77-463a-a0d9-69f99900d126" testListId="8c84fa94-04c1-424b-9868-57a2d4851a1d" />
    <TestEntry testId="050233bd-6564-65b3-c941-f72b8a865ce1" executionId="065b3c74-cb3f-4998-93eb-7916808a4b04" testListId="8c84fa94-04c1-424b-9868-57a2d4851a1d" />
    <TestEntry testId="7e5ee025-29e3-983c-ada1-36a2eadef2de" executionId="7601337f-45fe-4d81-ab90-a9d41a3e641f" testListId="8c84fa94-04c1-424b-9868-57a2d4851a1d" />
    <TestEntry testId="bdbe7fc5-562d-a090-5a85-0088794d0191" executionId="ecd6218d-65ef-4c76-a152-8160e18c54d5" testListId="8c84fa94-04c1-424b-9868-57a2d4851a1d" />
    <TestEntry testId="dad1f9aa-a926-3cc6-c111-4067bab41ea0" executionId="57200e62-bb0e-4e7b-a59f-f3449380e5f6" testListId="8c84fa94-04c1-424b-9868-57a2d4851a1d" />
    <TestEntry testId="d0b283f8-715f-38f4-7003-dff88ecafb7a" executionId="651ae746-847d-40d1-8383-876d2f84e232" testListId="8c84fa94-04c1-424b-9868-57a2d4851a1d" />
    <TestEntry testId="8726df3b-aec3-927e-4d4f-ebaa56eeb398" executionId="9766408d-f546-4708-8a9b-c0f508d9464c" testListId="8c84fa94-04c1-424b-9868-57a2d4851a1d" />
    <TestEntry testId="b4c0935f-8253-5414-b8b5-57ee48e6af2c" executionId="d0d4ad5d-2d2e-427d-a1bf-7978cde8c738" testListId="8c84fa94-04c1-424b-9868-57a2d4851a1d" />
    <TestEntry testId="ea1ce3f7-2ef7-d403-9b95-c25bce0c2078" executionId="fad56bf2-4bf5-414a-81c0-37f681015d7d" testListId="8c84fa94-04c1-424b-9868-57a2d4851a1d" />
    <TestEntry testId="fcd0e0be-5e6e-5b58-53a2-ce940ed96a3e" executionId="3daec810-4510-4682-8d7a-bd740c6fd63b" testListId="8c84fa94-04c1-424b-9868-57a2d4851a1d" />
    <TestEntry testId="04dde362-11b7-3a90-6d00-16899c586142" executionId="d76b15e4-4ab3-44df-bf1c-27892c30f789" testListId="8c84fa94-04c1-424b-9868-57a2d4851a1d" />
    <TestEntry testId="aa3f4590-12cb-d145-4656-ae8ed00901da" executionId="2f762d3c-829e-48e0-a6fa-4089fd5ed784" testListId="8c84fa94-04c1-424b-9868-57a2d4851a1d" />
    <TestEntry testId="97feebb6-0ee6-b88e-623b-358b1708b8aa" executionId="c7f01c73-9e29-4510-a0bd-211ccd61aa16" testListId="8c84fa94-04c1-424b-9868-57a2d4851a1d" />
    <TestEntry testId="723abcdb-d786-8007-851b-aaef450eae67" executionId="0f0bdfb3-710e-4600-84d3-ef01566f9db2" testListId="8c84fa94-04c1-424b-9868-57a2d4851a1d" />
    <TestEntry testId="a791df35-38e0-bba9-a406-c3a0052fdb8f" executionId="6df8aeaa-c18c-431c-b12c-44ae8df7b711" testListId="8c84fa94-04c1-424b-9868-57a2d4851a1d" />
    <TestEntry testId="aa13eae7-2de9-b968-6b66-800bc021f318" executionId="c46d02fe-87aa-429f-aca6-a230e2fbfa00" testListId="8c84fa94-04c1-424b-9868-57a2d4851a1d" />
  </TestEntries>
  <TestLists>
    <TestList name="Results Not in a List" id="8c84fa94-04c1-424b-9868-57a2d4851a1d" />
    <TestList name="All Loaded Results" id="19431567-8539-422a-85d7-44ee4e166bda" />
  </TestLists>
  <ResultSummary outcome="Failed">
    <Counters total="25" executed="25" passed="24" failed="1" error="0" timeout="0" aborted="0" inconclusive="0" passedButRunAborted="0" notRunnable="0" notExecuted="0" disconnected="0" warning="0" completed="0" inProgress="0" pending="0" />
    <Output>
      <StdOut>[xUnit.net 00:00:00.00] xUnit.net VSTest Adapter v4.0.0+05679a7ab5 (64-bit .NET 11.0.0-rc.1.26425.128)&#xD;
[xUnit.net 00:00:00.45]   Discovering: Harborline.Api.LocalNodeHost.Tests&#xD;
[xUnit.net 00:00:01.13]   Discovered:  Harborline.Api.LocalNodeHost.Tests&#xD;
[xUnit.net 00:00:01.18]   Starting:    Harborline.Api.LocalNodeHost.Tests&#xD;
[xUnit.net 00:00:01.35]       Assert.Equal() Failure: Values differ&#xD;
[xUnit.net 00:00:01.35]       Expected: Allowed&#xD;
[xUnit.net 00:00:01.35]       Actual:   Denied&#xD;
[xUnit.net 00:00:01.35]       Stack Trace:&#xD;
[xUnit.net 00:00:01.35]         C:\Projects\Harborline\harborline-api\.codex\worktrees\r4-t984api-manual\apps\local-node-host\tests\Authorization\RosterGateDecisionTests.cs(176,0): at Harborline.Api.LocalNodeHost.Tests.Authorization.RosterGateDecisionTests.Caller_supplied_deny_is_ignored_and_only_gate_derived_denials_reach_the_decision()&#xD;
[xUnit.net 00:00:01.35]         --- End of stack trace from previous location ---&#xD;
[xUnit.net 00:00:01.38]   Finished:    Harborline.Api.LocalNodeHost.Tests&#xD;
</StdOut>
    </Output>
    <RunInfos>
      <RunInfo computerName="DESKTOP-UMT08RN" outcome="Error" timestamp="2026-09-30T07:39:03.1608529-04:00">
        <Text>[xUnit.net 00:00:01.35]     Harborline.Api.LocalNodeHost.Tests.Authorization.RosterGateDecisionTests.Caller_supplied_deny_is_ignored_and_only_gate_derived_denials_reach_the_decision [FAIL]</Text>
      </RunInfo>
    </RunInfos>
  </ResultSummary>
</TestRun>